[36;1mษออออออออออออออออออออออออออออออออออออออป
[0m[36;1mบ     [37;1mSABACC CARD DATABASE PREVIEW[36;1m     บ
[0m[36;1mศออออออออออออออออออออออออออออออออออออออผ

[0m[34;1mฺฤฤฤฤฤฤฤฤฤ[37;1m Sample Sabers () [34;1mฤฤฤฤฤฤฤฤฤฤฟ
[0m[34;1mณ[37m Positive values from the Sabers suit [34;1mณ
[0m[34;1mภฤฤฤฤฤฤฤฤฤฤฤฤฤฤฤฤฤฤฤฤฤฤฤฤฤฤฤฤฤฤฤฤฤฤฤฤฤฤู
[0m [33;1m+1S[0m    [33;1m+5S[0m   [33;1m+10S[0m    [33;1mAcS[0m 
 [44m[37;1m  [44m[34;1mÞ[0m    [44m[37;1m  [44m[34;1mÞ[0m    [44m[37;1m  [44m[34;1mÞ[0m   [31;1mฺฤฤฤฟ[0m
[44m[37;1m   [44m[34;1mÞ[0m  [44m[37;1m   [44m[34;1mÞ[0m  [44m[37;1m   [44m[34;1mÞ[0m  [31;1mณ[37mERR[31;1mณ[0m
[44m[37;1m  1 [44m[34;1mÞ[0m  [44m[37;1m  5 [44m[34;1mÞ[0m  [44m[37;1m 10 [44m[34;1mÞ[0m  [31;1mณ[33m ? [31;1mณ[0m
[44m[37;1m   [44m[34;1mÞ[0m  [44m[37;1m   [44m[34;1mÞ[0m  [44m[37;1m   [44m[34;1mÞ[0m  [31;1mณ[37mMIS[31;1mณ[0m
 [44m[37;1m  [44m[34;1mÞ[0m    [44m[37;1m  [44m[34;1mÞ[0m    [44m[37;1m  [44m[34;1mÞ[0m   [31;1mภฤฤฤู[0m

[32;1mฺฤฤฤฤฤฤฤฤฤฤฤฤ[37;1m Other Suits: [32;1mฤฤฤฤฤฤฤฤฤฤฤฤฟ
[0m[32;1mณ[37m One card from each traditional suit  [32;1mณ
[0m[32;1mภฤฤฤฤฤฤฤฤฤฤฤฤฤฤฤฤฤฤฤฤฤฤฤฤฤฤฤฤฤฤฤฤฤฤฤฤฤฤู
[0m [33;1m-1F[0m    [33;1m-5C[0m   [33;1m-11T[0m   [33;1mBACK[0m 
[31;1mฺฤฤฤฟ[0m  [31;1mฺฤฤฤฟ[0m  [31;1mฺฤฤฤฟ[0m   [41m[37;1m  [41m[31;1mÞ[0m 
[31;1mณ[37mERR[31;1mณ[0m  [31;1mณ[37mERR[31;1mณ[0m  [31;1mณ[37mERR[31;1mณ[0m  [41m[37;1m  ? [41m[31;1mÞ[0m
[31;1mณ[33m ? [31;1mณ[0m  [31;1mณ[33m ? [31;1mณ[0m  [31;1mณ[33m ? [31;1mณ[0m  [41m[37;1m  ? [41m[31;1mÞ[0m
[31;1mณ[37mMIS[31;1mณ[0m  [31;1mณ[37mMIS[31;1mณ[0m  [31;1mณ[37mMIS[31;1mณ[0m  [41m[37;1m  ? [41m[31;1mÞ[0m
[31;1mภฤฤฤู[0m  [31;1mภฤฤฤู[0m  [31;1mภฤฤฤู[0m   [41m[37;1m  [41m[31;1mÞ[0m 

[35;1mฺฤฤฤฤฤฤฤฤฤฤฤ[37;1m Arcana Cards: [35;1mฤฤฤฤฤฤฤฤฤฤฤฤฟ
[0m[35;1mณ[37m Mystical cards with special powers   [35;1mณ
[0m[35;1mภฤฤฤฤฤฤฤฤฤฤฤฤฤฤฤฤฤฤฤฤฤฤฤฤฤฤฤฤฤฤฤฤฤฤฤฤฤฤู
[0m [33;1mId[0m     [33;1mDe[0m     [33;1mSt[0m     [33;1mBa[0m  
 [45m[37;1m  [45m[35;1mÞ[0m    [45m[37;1m  [45m[35;1mÞ[0m    [45m[37;1m  [45m[35;1mÞ[0m    [45m[37;1m  [45m[35;1mÞ[0m 
[45m[37;1m   [45m[35;1mÞ[0m  [45m[37;1m   [45m[35;1mÞ[0m  [45m[37;1m   [45m[35;1mÞ[0m  [45m[37;1m   [45m[35;1mÞ[0m
[45m[37;1m Id [45m[35;1mÞ[0m  [45m[37;1m De [45m[35;1mÞ[0m  [45m[37;1m St [45m[35;1mÞ[0m  [45m[37;1m Ba [45m[35;1mÞ[0m
[45m[37;1m   [45m[35;1mÞ[0m  [45m[37;1m   [45m[35;1mÞ[0m  [45m[37;1m   [45m[35;1mÞ[0m  [45m[37;1m   [45m[35;1mÞ[0m
 [45m[37;1m  [45m[35;1mÞ[0m    [45m[37;1m  [45m[35;1mÞ[0m    [45m[37;1m  [45m[35;1mÞ[0m    [45m[37;1m  [45m[35;1mÞ[0m 

[36;1mษออออออออออออออออออออออออออออออออออออออป
[0m[36;1mบ         [37;1mDATABASE INFORMATION[36;1m         บ
[0m[36;1mศออออออออออออออออออออออออออออออออออออออผ
[0mTotal cards: [33;1m77[0m
File size: [33;1m12751[0m bytes
Average card size: [33;1m145.6[0m bytes

[37;1mCard Breakdown:
[0mฺฤ Regular cards: [32;1m60[0m (15 per suit  4 suits)
รฤ Arcana cards: [36;1m16[0m (16 types  1 copy each)
ภฤ Back card: [31;1m1[0m

[37;1mSuits:[0m [34mSabers[0m([34m[0m) [32mFlasks[0m([32m[0m) [33mCoins[0m([33m[0m) [31mStaves[0m([31m|[0m) [35mArcana[0m([35m[0m)

[36mฤฤฤฤฤฤฤฤฤฤฤฤฤฤฤฤฤฤฤฤฤฤฤฤฤฤฤฤฤฤฤฤฤฤฤฤฤฤฤ[0m
[37mGenerated by Sabacc Card Database Builder[0m
