[2J[H[0;1;37;40m╔══════════════════════════════════════════════════════════════════════════════╗[0m
[0;1;37;40m║[0;1;33;40m                            SABACC GAME TABLE                              [0;1;37;40m║[0m
[0;1;37;40m╠══════════════════════════════════════════════════════════════════════════════╣[0m
[0;1;37;40m║[0;1;36;40m Hand Pot: [0;1;33;40m0000[0;1;36;40m    Sabacc Pot: [0;1;33;40m0000[0;1;36;40m    Round: [0;1;33;40m0[0;1;36;40m    Dealer: [0;1;33;40mYou[0;1;37;40m     ║[0m
[0;1;37;40m╠══════════════════════════════════════════════════════════════════════════════╣[0m
[0;1;37;40m║                                                                              ║[0m
[0;1;37;40m║  [0;1;31;40mOPPONENT:[0;1;37;40m                                                               ║[0m
[0;1;37;40m║  [0;1;31;40m┌─────┐ ┌─────┐ ┌─────┐ ┌─────┐[0;1;37;40m           [0;1;32;40mCredits: 1000[0;1;37;40m          ║[0m
[0;1;37;40m║  [0;1;31;40m│[0;1;37;41m ??? [0;1;31;40m│ │[0;1;37;41m ??? [0;1;31;40m│ │[0;1;37;41m ??? [0;1;31;40m│ │[0;1;37;41m ??? [0;1;31;40m│[0;1;37;40m                              ║[0m
[0;1;37;40m║  [0;1;31;40m│[0;1;37;41m  ?  [0;1;31;40m│ │[0;1;37;41m  ?  [0;1;31;40m│ │[0;1;37;41m  ?  [0;1;31;40m│ │[0;1;37;41m  ?  [0;1;31;40m│[0;1;37;40m           [0;1;32;40mStatus: Thinking[0;1;37;40m      ║[0m
[0;1;37;40m║  [0;1;31;40m│[0;1;37;41m ??? [0;1;31;40m│ │[0;1;37;41m ??? [0;1;31;40m│ │[0;1;37;41m ??? [0;1;31;40m│ │[0;1;37;41m ??? [0;1;31;40m│[0;1;37;40m                              ║[0m
[0;1;37;40m║  [0;1;31;40m└─────┘ └─────┘ └─────┘ └─────┘[0;1;37;40m                              ║[0m
[0;1;37;40m║                                                                              ║[0m
[0;1;37;40m║  [0;1;35;40m╔══════════════════════════════════════════════════════════════════════╗[0;1;37;40m  ║[0m
[0;1;37;40m║  [0;1;35;40m║[0;1;37;45m                          STATIC FIELD                          [0;1;35;40m║[0;1;37;40m  ║[0m
[0;1;37;40m║  [0;1;35;40m║[0;1;37;40m                                                              [0;1;35;40m║[0;1;37;40m  ║[0m
[0;1;37;40m║  [0;1;35;40m║[0;1;37;40m     [Protected cards appear here during Sabacc Shift]       [0;1;35;40m║[0;1;37;40m  ║[0m
[0;1;37;40m║  [0;1;35;40m║[0;1;37;40m                                                              [0;1;35;40m║[0;1;37;40m  ║[0m
[0;1;37;40m║  [0;1;35;40m╚══════════════════════════════════════════════════════════════════════╝[0;1;37;40m  ║[0m
[0;1;37;40m║                                                                              ║[0m
[0;1;37;40m║  [0;1;36;40mYOUR HAND:[0;1;37;40m                           [0;1;36;40mCurrent Bet: [0;1;33;40m10[0;1;37;40m                ║[0m
[0;1;37;40m║  [0;1;34;40m┌─────┐ ┌─────┐ ┌─────┐ ┌─────┐[0;1;37;40m           [0;1;32;40mCredits: 1000[0;1;37;40m          ║[0m
[0;1;37;40m║  [0;1;34;40m│[0;1;37;44m +5S [0;1;34;40m│ │[0;1;37;42m +8F [0;1;34;40m│ │[0;1;37;43m+10C[0;1;34;40m│ │[0;1;37;41m +2T [0;1;34;40m│[0;1;37;40m                              ║[0m
[0;1;37;40m║  [0;1;34;40m│[0;1;37;44m  ♠  [0;1;34;40m│ │[0;1;37;42m  ♦  [0;1;34;40m│ │[0;1;37;43m  ♣  [0;1;34;40m│ │[0;1;37;41m  ♥  [0;1;34;40m│[0;1;37;40m           [0;1;32;40mTotal: [0;1;33;40m25[0;1;37;40m           ║[0m
[0;1;37;40m║  [0;1;34;40m│[0;1;37;44m SAB [0;1;34;40m│ │[0;1;37;42m FLA [0;1;34;40m│ │[0;1;37;43m COI [0;1;34;40m│ │[0;1;37;41m STA [0;1;34;40m│[0;1;37;40m                              ║[0m
[0;1;37;40m║  [0;1;34;40m└─────┘ └─────┘ └─────┘ └─────┘[0;1;37;40m           [0;1;31;40mBOMB OUT![0;1;37;40m           ║[0m
[0;1;37;40m║                                                                              ║[0m
[0;1;37;40m╠══════════════════════════════════════════════════════════════════════════════╣[0m
[0;1;37;40m║  [0;1;32;40mDECK: [0;1;33;40m68 cards[0;1;37;40m    [0;1;35;40mLAST ACTION:[0;1;37;40m Opponent drew a card               ║[0m
[0;1;37;40m╠══════════════════════════════════════════════════════════════════════════════╣[0m
[0;1;37;40m║                                                                              ║[0m
[0;1;37;40m║  [0;1;33;40m► YOUR TURN ◄[0;1;37;40m                                                        ║[0m
[0;1;37;40m║                                                                              ║[0m
[0;1;37;40m║  [0;1;36;40m[D][0;1;37;40m Draw   [0;1;36;40m[T][0;1;37;40m Trade   [0;1;36;40m[S][0;1;37;40m Stand   [0;1;36;40m[F][0;1;37;40m Static Field   [0;1;36;40m[C][0;1;37;40m Call   [0;1;36;40m[Q][0;1;37;40m Fold  ║[0m
[0;1;37;40m║                                                                              ║[0m
[0;1;37;40m╚══════════════════════════════════════════════════════════════════════════════╝[0m
[0;1;37;40m  [0;1;33;40mChoice:[0;1;37;40m                                                                   [0m